python : C:\Users\Nithin\App
Data\Local\Programs\Python\P
ython314\Lib\site-packages\l
angsmith\schemas.py:22: 
UserWarning: Core Pydantic 
V1 functionality isn't 
compatible with Python 3.14 
or greater.
At line:1 char:1
+ python -m pytest > 
test_output.txt 2>&1
+ ~~~~~~~~~~~~~~~~~~~~~~~~~~
~~~~~~~~~~~~~
    + CategoryInfo          
    : NotSpecified: (C:\Us  
  ers\Nithin....14 or gre   
 ater.:String) [], Remot    
eException
    + FullyQualifiedErrorId 
    : NativeCommandError
 
  from pydantic.v1 import (
============================= test session starts =============================
platform win32 -- Python 3.14.2, pytest-8.4.2, pluggy-1.6.0 -- C:\Users\Nithin\AppData\Local\Programs\Python\Python314\python.exe
cachedir: .pytest_cache
rootdir: C:\Users\Nithin\OneDrive\Desktop\Projects\ADE
configfile: pytest.ini
testpaths: tests
plugins: anyio-4.11.0, langsmith-0.4.38, asyncio-1.2.0
asyncio: mode=Mode.STRICT, debug=False, asyncio_default_fixture_loop_scope=None, asyncio_default_test_loop_scope=function
collecting ... collected 0 items / 2 errors

=================================== ERRORS ====================================
_________ ERROR collecting tests/integration/test_api_integration.py __________
ImportError while importing test module 'C:\Users\Nithin\OneDrive\Desktop\Projects\ADE\tests\integration\test_api_integration.py'.
Hint: make sure your test modules/packages have valid Python names.
Traceback:
..\..\..\..\AppData\Local\Programs\Python\Python314\Lib\importlib\__init__.py:88: in import_module
    return _bootstrap._gcd_import(name[level:], package, level)
           ^^^^^^^^^^^^^^^^^^^^^^^^^^^^^^^^^^^^^^^^^^^^^^^^^^^^
tests\integration\test_api_integration.py:6: in <module>
    from zlsde.models.data_models import PipelineConfig, DataSource, ProviderConfig
zlsde\__init__.py:11: in <module>
    from zlsde.orchestrator import PipelineOrchestrator
zlsde\orchestrator.py:9: in <module>
    from zlsde.models.data_models import (
E   ImportError: cannot import name 'PipelineResult' from 'zlsde.models.data_models' (C:\Users\Nithin\OneDrive\Desktop\Projects\ADE\zlsde\models\data_models.py)
________________ ERROR collecting tests/unit/test_providers.py ________________
ImportError while importing test module 'C:\Users\Nithin\OneDrive\Desktop\Projects\ADE\tests\unit\test_providers.py'.
Hint: make sure your test modules/packages have valid Python names.
Traceback:
..\..\..\..\AppData\Local\Programs\Python\Python314\Lib\importlib\__init__.py:88: in import_module
    return _bootstrap._gcd_import(name[level:], package, level)
           ^^^^^^^^^^^^^^^^^^^^^^^^^^^^^^^^^^^^^^^^^^^^^^^^^^^^
tests\unit\test_providers.py:5: in <module>
    from zlsde.providers.base import LLMProvider
zlsde\__init__.py:11: in <module>
    from zlsde.orchestrator import PipelineOrchestrator
zlsde\orchestrator.py:9: in <module>
    from zlsde.models.data_models import (
E   ImportError: cannot import name 'PipelineResult' from 'zlsde.models.data_models' (C:\Users\Nithin\OneDrive\Desktop\Projects\ADE\zlsde\models\data_models.py)
=========================== short test summary info ===========================
ERROR tests/integration/test_api_integration.py
ERROR tests/unit/test_providers.py
!!!!!!!!!!!!!!!!!!! Interrupted: 2 errors during collection !!!!!!!!!!!!!!!!!!!
============================== 2 errors in 2.78s ==============================
