python : C:\Users\Nithin\App
Data\Local\Programs\Python\P
ython314\Lib\site-packages\l
angsmith\schemas.py:22: 
UserWarning: Core Pydantic 
V1 functionality isn't 
compatible with Python 3.14 
or greater.
At line:1 char:1
+ python -m pytest 2>&1 | 
Out-File -Encoding utf8 
test_output_utf8.txt; ...
+ ~~~~~~~~~~~~~~~~~~~~~
    + CategoryInfo          
    : NotSpecified: (C:\Us  
  ers\Nithin....14 or gre   
 ater.:String) [], Remot    
eException
    + FullyQualifiedErrorId 
    : NativeCommandError
 
  from pydantic.v1 import (
============================= test session starts =============================
platform win32 -- Python 3.14.2, pytest-8.4.2, pluggy-1.6.0 -- C:\Users\Nithin\AppData\Local\Programs\Python\Python314\python.exe
cachedir: .pytest_cache
rootdir: C:\Users\Nithin\OneDrive\Desktop\Projects\ADE
configfile: pytest.ini
testpaths: tests
plugins: anyio-4.11.0, langsmith-0.4.38, asyncio-1.2.0
asyncio: mode=Mode.STRICT, debug=False, asyncio_default_fixture_loop_scope=None, asyncio_default_test_loop_scope=function
collecting ... collected 26 items

tests/integration/test_api_integration.py::TestLabelGeneratorIntegration::test_create_label_generator_with_local_config PASSED [  3%]
tests/integration/test_api_integration.py::TestLabelGeneratorIntegration::test_create_label_generator_with_pipeline_config PASSED [  7%]
tests/integration/test_api_integration.py::TestConfigLoaderIntegration::test_load_config_with_provider_config PASSED [ 11%]
tests/integration/test_api_integration.py::TestConfigLoaderIntegration::test_load_config_backward_compatibility PASSED [ 15%]
tests/integration/test_api_integration.py::TestConfigLoaderIntegration::test_load_config_default_provider_config PASSED [ 19%]
tests/integration/test_api_integration.py::TestEndToEndIntegration::test_live_api_call_groq SKIPPED [ 23%]
tests/integration/test_api_integration.py::TestEndToEndIntegration::test_live_api_call_mistral SKIPPED [ 26%]
tests/integration/test_api_integration.py::TestEndToEndIntegration::test_live_api_call_openrouter SKIPPED [ 30%]
tests/unit/test_providers.py::TestProviderBase::test_provider_is_abstract PASSED [ 34%]
tests/unit/test_providers.py::TestAPIProviders::test_groq_provider_initialization PASSED [ 38%]
tests/unit/test_providers.py::TestAPIProviders::test_mistral_provider_initialization PASSED [ 42%]
tests/unit/test_providers.py::TestAPIProviders::test_openrouter_provider_initialization PASSED [ 46%]
tests/unit/test_providers.py::TestAPIProviders::test_provider_unavailable_without_key PASSED [ 50%]
tests/unit/test_providers.py::TestLocalProvider::test_local_provider_initialization PASSED [ 53%]
tests/unit/test_providers.py::TestFallbackChainManager::test_initialization_with_available_providers PASSED [ 57%]
tests/unit/test_providers.py::TestFallbackChainManager::test_initialization_filters_unavailable_providers PASSED [ 61%]
tests/unit/test_providers.py::TestFallbackChainManager::test_initialization_fails_with_no_providers PASSED [ 65%]
tests/unit/test_providers.py::TestFallbackChainManager::test_generate_label_success_first_provider PASSED [ 69%]
tests/unit/test_providers.py::TestFallbackChainManager::test_generate_label_fallback_on_failure PASSED [ 73%]
tests/unit/test_providers.py::TestFallbackChainManager::test_generate_label_all_providers_fail PASSED [ 76%]
tests/unit/test_providers.py::TestProviderFactory::test_create_providers_local_only PASSED [ 80%]
tests/unit/test_providers.py::TestProviderFactory::test_create_providers_api_with_keys PASSED [ 84%]
tests/unit/test_providers.py::TestProviderConfig::test_provider_config_validation_valid PASSED [ 88%]
tests/unit/test_providers.py::TestProviderConfig::test_provider_config_validation_invalid_type PASSED [ 92%]
tests/unit/test_providers.py::TestProviderConfig::test_provider_config_validation_invalid_provider PASSED [ 96%]
tests/unit/test_providers.py::TestProviderConfig::test_provider_config_validation_invalid_timeout PASSED [100%]

======================== 23 passed, 3 skipped in 6.86s ========================
